PS C:\Users\TEST\git_tutorial> cd "C:\Users\TEST"
PS C:\Users\TEST> mkdir git_challenge


    ディレクトリ: C:\Users\TEST


Mode                 LastWriteTime         Length Name
----                 -------------         ------ ----
d-----        2023/09/06     19:56                git_challenge

PS C:\Users\TEST\git_challenge> # カレントディレクトリにローカルリポジトリを新規作成する
>> git init
>>
Initialized empty Git repository in C:/Users/TEST/git_challenge/.git/
PS C:\Users\TEST\git_challenge> git add hello_world.txt
PS C:\Users\TEST\git_challenge> git commit -m "hello_world.txtを追加"
[main 584a4a2] hello_world.txtを追加
 1 file changed, 1 insertion(+)
PS C:\Users\TEST\git_challenge> echo "こんにちは、世界！" >> hello_world.txt                                              
PS C:\Users\TEST\git_challenge> git commit -m "日本語訳を追記"
On branch main
Changes not staged for commit:
  (use "git add <file>..." to update what will be committed)
  (use "git restore <file>..." to discard changes in working directory)
        modified:   hello_world.txt

no changes added to commit (use "git add" and/or "git commit -a")
PS C:\Users\TEST\git_challenge> git status
On branch main
Changes not staged for commit:
  (use "git add <file>..." to update what will be committed)
  (use "git restore <file>..." to discard changes in working directory)
        modified:   hello_world.txt

no changes added to commit (use "git add" and/or "git commit -a")
PS C:\Users\TEST\git_challenge> # コミットログを1行で表示する
>> git log --oneline
584a4a2 (HEAD -> main) hello_world.txtを追加
1dd150a hello_world.txtを追記
PS C:\Users\TEST\git_challenge> 